env: load .env
env: export EXPO_PUBLIC_API_URL EXPO_PUBLIC_SUPABASE_URL EXPO_PUBLIC_SUPABASE_ANON_KEY
Starting project at C:\Users\berna\Desktop\EGCHAT NATIVA\egchat-mobile
Starting Metro Bundler
warning: Bundler cache is empty, rebuilding (this may take a minute)
The following packages should be updated for best compatibility with the installed expo version:
  expo-haptics@14.0.1 - expected version: ~15.0.8
  expo-updates@0.28.18 - expected version: ~29.0.17
Your project may not work correctly until you install the expected versions of the packages.
Waiting on http://localhost:8081
Logs for your project will appear below.
iOS node_modules\expo-router\entry.js ░░░░░░░░░░░░░░░░  0.0% (0/1)
iOS node_modules\expo-router\entry.js ▓▓░░░░░░░░░░░░░░ 16.0% ( 46/225)
iOS node_modules\expo-router\entry.js ▓▓▓▓░░░░░░░░░░░░ 28.3% (206/391)
iOS node_modules\expo-router\entry.js ▓▓▓▓▓▓▓▓░░░░░░░░ 54.0% (475/696)
iOS node_modules\expo-router\entry.js ▓▓▓▓▓▓▓▓▓▓░░░░░░ 64.7% (631/789)
iOS node_modules\expo-router\entry.js ▓▓▓▓▓▓▓▓▓▓░░░░░░ 68.4% ( 836/1081)
iOS node_modules\expo-router\entry.js ▓▓▓▓▓▓▓▓▓▓▓▓░░░░ 77.1% (1132/1357)
 WARN  Attempted to import the module "C:\Users\berna\Desktop\EGCHAT NATIVA\egchat-mobile\node_modules\react-native-webrtc\node_modules\event-target-shim\index" which is not listed in the "exports" of "C:\Users\berna\Desktop\EGCHAT NATIVA\egchat-mobile\node_modules\react-native-webrtc\node_modules\event-target-shim" under the requested subpath "./index". Falling back to file-based resolution. Consider updating the call site or asking the package maintainer(s) to expose this API.
iOS node_modules\expo-router\entry.js ▓▓▓▓▓▓▓▓▓▓▓▓▓▓░░ 93.1% (1426/1508)
iOS node_modules\expo-router\entry.js ▓▓▓▓▓▓▓▓▓▓▓▓▓▓▓░ 99.9% (1867/1867)
iOS Bundled 28726ms node_modules\expo-router\entry.js (1867 modules)
 WARN  expo-notifications: Android Push notifications (remote notifications) functionality provided by expo-notifications was removed from Expo Go with the release of SDK 53. Use a development build instead of Expo Go. Read more at https://docs.expo.dev/develop/development-builds/introduction/.
 WARN  `expo-notifications` functionality is not fully supported in Expo Go:
We recommend you instead use a development build to avoid limitations. Learn more: https://expo.fyi/dev-client.
 WARN  [expo-av]: Expo AV has been deprecated and will be removed in SDK 54. Use the `expo-audio` and `expo-video` packages to replace the required functionality.
 LOG  FloatingHomeButton - current pathname: /
 LOG  FloatingHomeButton - current pathname: /
 LOG  FloatingHomeButton - current pathname: /login
 LOG  [Login error] Sesión expirada. Inicia sesión de nuevo.
iOS node_modules\@react-native-async-storage\async-storage\src\index.ts ░░░░░░░░░░░░░░░░  0.0% (0/1)
 LOG  FloatingHomeButton - current pathname: /
iOS Bundled 469ms node_modules\@react-native-async-storage\async-storage\src\index.ts (471 modules)
 LOG  FloatingHomeButton - current pathname: /mensajeria
 LOG  FloatingHomeButton - current pathname: /monedero
 LOG  FloatingHomeButton - current pathname: /servicios
 LOG  FloatingHomeButton - current pathname: /ajustes
 WARN  SafeAreaView has been deprecated and will be removed in a future release. Please use 'react-native-safe-area-context' instead. See https://github.com/th3rdwave/react-native-safe-area-context
 LOG  FloatingHomeButton - current pathname: /ajustes
 LOG  FloatingHomeButton - current pathname: /
 LOG  ✅ Push token: ExponentPushToken[MRvw5vMhlyZX...
 LOG  FloatingHomeButton - current pathname: /
 LOG  FloatingHomeButton - current pathname: /
 LOG  ✅ Push token: ExponentPushToken[MRvw5vMhlyZX...
 LOG  FloatingHomeButton - current pathname: /
 LOG  ✅ Push token: ExponentPushToken[MRvw5vMhlyZX...
 LOG  FloatingHomeButton - current pathname: /mensajeria
 LOG  FloatingHomeButton - current pathname: /monedero
 LOG  FloatingHomeButton - current pathname: /servicios
 LOG  FloatingHomeButton - current pathname: /mensajeria
 LOG  FloatingHomeButton - current pathname: /chat/225b88b9-7208-4ed8-9ce4-20f2edb75104
 ERROR  [Error: cannot add `presence` callbacks for realtime:online-users after `subscribe()`.] 

Call Stack
  RealtimeChannel (node_modules\@supabase\realtime-js\dist\main\RealtimeChannel.js)
  subscribeToOnlineUsers (src\supabase.ts)
  useEffect$argument_0 (app\chat\[id].tsx)
  callCreate.reactStackBottomFrame (node_modules\react-native\Libraries\Renderer\implementations\ReactFabric-dev.js)
  runWithFiberInDEV (node_modules\react-native\Libraries\Renderer\implementations\ReactFabric-dev.js)
  commitHookEffectListMount (node_modules\react-native\Libraries\Renderer\implementations\ReactFabric-dev.js)
  commitHookPassiveMountEffects (node_modules\react-native\Libraries\Renderer\implementations\ReactFabric-dev.js)
  commitPassiveMountOnFiber (node_modules\react-native\Libraries\Renderer\implementations\ReactFabric-dev.js)
  recursivelyTraversePassiveMountEffects (node_modules\react-native\Libraries\Renderer\implementations\ReactFabric-dev.js)
  commitPassiveMountOnFiber (node_modules\react-native\Libraries\Renderer\implementations\ReactFabric-dev.js)
  recursivelyTraversePassiveMountEffects (node_modules\react-native\Libraries\Renderer\implementations\ReactFabric-dev.js)
  commitPassiveMountOnFiber (node_modules\react-native\Libraries\Renderer\implementations\ReactFabric-dev.js)
  recursivelyTraversePassiveMountEffects (node_modules\react-native\Libraries\Renderer\implementations\ReactFabric-dev.js)
  commitPassiveMountOnFiber (node_modules\react-native\Libraries\Renderer\implementations\ReactFabric-dev.js)
  recursivelyTraversePassiveMountEffects (node_modules\react-native\Libraries\Renderer\implementations\ReactFabric-dev.js)
  commitPassiveMountOnFiber (node_modules\react-native\Libraries\Renderer\implementations\ReactFabric-dev.js)
  recursivelyTraversePassiveMountEffects (node_modules\react-native\Libraries\Renderer\implementations\ReactFabric-dev.js)
  commitPassiveMountOnFiber (node_modules\react-native\Libraries\Renderer\implementations\ReactFabric-dev.js)
  recursivelyTraversePassiveMountEffects (node_modules\react-native\Libraries\Renderer\implementations\ReactFabric-dev.js)
  commitPassiveMountOnFiber (node_modules\react-native\Libraries\Renderer\implementations\ReactFabric-dev.js)
  recursivelyTraversePassiveMountEffects (node_modules\react-native\Libraries\Renderer\implementations\ReactFabric-dev.js)
  commitPassiveMountOnFiber (node_modules\react-native\Libraries\Renderer\implementations\ReactFabric-dev.js)
  recursivelyTraversePassiveMountEffects (node_modules\react-native\Libraries\Renderer\implementations\ReactFabric-dev.js)
  commitPassiveMountOnFiber (node_modules\react-native\Libraries\Renderer\implementations\ReactFabric-dev.js)
  recursivelyTraversePassiveMountEffects (node_modules\react-native\Libraries\Renderer\implementations\ReactFabric-dev.js)
  commitPassiveMountOnFiber (node_modules\react-native\Libraries\Renderer\implementations\ReactFabric-dev.js)
  recursivelyTraversePassiveMountEffects (node_modules\react-native\Libraries\Renderer\implementations\ReactFabric-dev.js)
  commitPassiveMountOnFiber (node_modules\react-native\Libraries\Renderer\implementations\ReactFabric-dev.js)
  recursivelyTraversePassiveMountEffects (node_modules\react-native\Libraries\Renderer\implementations\ReactFabric-dev.js)
  commitPassiveMountOnFiber (node_modules\react-native\Libraries\Renderer\implementations\ReactFabric-dev.js)
  recursivelyTraversePassiveMountEffects (node_modules\react-native\Libraries\Renderer\implementations\ReactFabric-dev.js)
  commitPassiveMountOnFiber (node_modules\react-native\Libraries\Renderer\implementations\ReactFabric-dev.js)
  recursivelyTraversePassiveMountEffects (node_modules\react-native\Libraries\Renderer\implementations\ReactFabric-dev.js)
  commitPassiveMountOnFiber (node_modules\react-native\Libraries\Renderer\implementations\ReactFabric-dev.js)
  recursivelyTraversePassiveMountEffects (node_modules\react-native\Libraries\Renderer\implementations\ReactFabric-dev.js)
  commitPassiveMountOnFiber (node_modules\react-native\Libraries\Renderer\implementations\ReactFabric-dev.js)
  recursivelyTraversePassiveMountEffects (node_modules\react-native\Libraries\Renderer\implementations\ReactFabric-dev.js)
  commitPassiveMountOnFiber (node_modules\react-native\Libraries\Renderer\implementations\ReactFabric-dev.js)
  recursivelyTraversePassiveMountEffects (node_modules\react-native\Libraries\Renderer\implementations\ReactFabric-dev.js)
  commitPassiveMountOnFiber (node_modules\react-native\Libraries\Renderer\implementations\ReactFabric-dev.js)
  recursivelyTraversePassiveMountEffects (node_modules\react-native\Libraries\Renderer\implementations\ReactFabric-dev.js)
  commitPassiveMountOnFiber (node_modules\react-native\Libraries\Renderer\implementations\ReactFabric-dev.js)
  recursivelyTraversePassiveMountEffects (node_modules\react-native\Libraries\Renderer\implementations\ReactFabric-dev.js)
  commitPassiveMountOnFiber (node_modules\react-native\Libraries\Renderer\implementations\ReactFabric-dev.js)
  recursivelyTraversePassiveMountEffects (node_modules\react-native\Libraries\Renderer\implementations\ReactFabric-dev.js)
  commitPassiveMountOnFiber (node_modules\react-native\Libraries\Renderer\implementations\ReactFabric-dev.js)
  recursivelyTraversePassiveMountEffects (node_modules\react-native\Libraries\Renderer\implementations\ReactFabric-dev.js)
  commitPassiveMountOnFiber (node_modules\react-native\Libraries\Renderer\implementations\ReactFabric-dev.js)
  recursivelyTraversePassiveMountEffects (node_modules\react-native\Libraries\Renderer\implementations\ReactFabric-dev.js)
  commitPassiveMountOnFiber (node_modules\react-native\Libraries\Renderer\implementations\ReactFabric-dev.js)
  recursivelyTraversePassiveMountEffects (node_modules\react-native\Libraries\Renderer\implementations\ReactFabric-dev.js)
  commitPassiveMountOnFiber (node_modules\react-native\Libraries\Renderer\implementations\ReactFabric-dev.js)
  recursivelyTraversePassiveMountEffects (node_modules\react-native\Libraries\Renderer\implementations\ReactFabric-dev.js)
  commitPassiveMountOnFiber (node_modules\react-native\Libraries\Renderer\implementations\ReactFabric-dev.js)
  recursivelyTraversePassiveMountEffects (node_modules\react-native\Libraries\Renderer\implementations\ReactFabric-dev.js)
  commitPassiveMountOnFiber (node_modules\react-native\Libraries\Renderer\implementations\ReactFabric-dev.js)
  recursivelyTraversePassiveMountEffects (node_modules\react-native\Libraries\Renderer\implementations\ReactFabric-dev.js)
  commitPassiveMountOnFiber (node_modules\react-native\Libraries\Renderer\implementations\ReactFabric-dev.js)
  recursivelyTraversePassiveMountEffects (node_modules\react-native\Libraries\Renderer\implementations\ReactFabric-dev.js)
  commitPassiveMountOnFiber (node_modules\react-native\Libraries\Renderer\implementations\ReactFabric-dev.js)
  recursivelyTraversePassiveMountEffects (node_modules\react-native\Libraries\Renderer\implementations\ReactFabric-dev.js)
  commitPassiveMountOnFiber (node_modules\react-native\Libraries\Renderer\implementations\ReactFabric-dev.js)
  recursivelyTraversePassiveMountEffects (node_modules\react-native\Libraries\Renderer\implementations\ReactFabric-dev.js)
  commitPassiveMountOnFiber (node_modules\react-native\Libraries\Renderer\implementations\ReactFabric-dev.js)
  recursivelyTraversePassiveMountEffects (node_modules\react-native\Libraries\Renderer\implementations\ReactFabric-dev.js)
  commitPassiveMountOnFiber (node_modules\react-native\Libraries\Renderer\implementations\ReactFabric-dev.js)
  recursivelyTraversePassiveMountEffects (node_modules\react-native\Libraries\Renderer\implementations\ReactFabric-dev.js)
  commitPassiveMountOnFiber (node_modules\react-native\Libraries\Renderer\implementations\ReactFabric-dev.js)
  recursivelyTraversePassiveMountEffects (node_modules\react-native\Libraries\Renderer\implementations\ReactFabric-dev.js)
  commitPassiveMountOnFiber (node_modules\react-native\Libraries\Renderer\implementations\ReactFabric-dev.js)
  recursivelyTraversePassiveMountEffects (node_modules\react-native\Libraries\Renderer\implementations\ReactFabric-dev.js)
  commitPassiveMountOnFiber (node_modules\react-native\Libraries\Renderer\implementations\ReactFabric-dev.js)
  recursivelyTraversePassiveMountEffects (node_modules\react-native\Libraries\Renderer\implementations\ReactFabric-dev.js)
  commitPassiveMountOnFiber (node_modules\react-native\Libraries\Renderer\implementations\ReactFabric-dev.js)
  recursivelyTraversePassiveMountEffects (node_modules\react-native\Libraries\Renderer\implementations\ReactFabric-dev.js)
  commitPassiveMountOnFiber (node_modules\react-native\Libraries\Renderer\implementations\ReactFabric-dev.js)
  recursivelyTraversePassiveMountEffects (node_modules\react-native\Libraries\Renderer\implementations\ReactFabric-dev.js)
  commitPassiveMountOnFiber (node_modules\react-native\Libraries\Renderer\implementations\ReactFabric-dev.js)
  recursivelyTraversePassiveMountEffects (node_modules\react-native\Libraries\Renderer\implementations\ReactFabric-dev.js)
  commitPassiveMountOnFiber (node_modules\react-native\Libraries\Renderer\implementations\ReactFabric-dev.js)
  recursivelyTraversePassiveMountEffects (node_modules\react-native\Libraries\Renderer\implementations\ReactFabric-dev.js)
  commitPassiveMountOnFiber (node_modules\react-native\Libraries\Renderer\implementations\ReactFabric-dev.js)
  recursivelyTraversePassiveMountEffects (node_modules\react-native\Libraries\Renderer\implementations\ReactFabric-dev.js)
  commitPassiveMountOnFiber (node_modules\react-native\Libraries\Renderer\implementations\ReactFabric-dev.js)
  recursivelyTraversePassiveMountEffects (node_modules\react-native\Libraries\Renderer\implementations\ReactFabric-dev.js)
  commitPassiveMountOnFiber (node_modules\react-native\Libraries\Renderer\implementations\ReactFabric-dev.js)
  recursivelyTraversePassiveMountEffects (node_modules\react-native\Libraries\Renderer\implementations\ReactFabric-dev.js)
  commitPassiveMountOnFiber (node_modules\react-native\Libraries\Renderer\implementations\ReactFabric-dev.js)
  recursivelyTraversePassiveMountEffects (node_modules\react-native\Libraries\Renderer\implementations\ReactFabric-dev.js)
  commitPassiveMountOnFiber (node_modules\react-native\Libraries\Renderer\implementations\ReactFabric-dev.js)
  recursivelyTraversePassiveMountEffects (node_modules\react-native\Libraries\Renderer\implementations\ReactFabric-dev.js)
  commitPassiveMountOnFiber (node_modules\react-native\Libraries\Renderer\implementations\ReactFabric-dev.js)
  recursivelyTraversePassiveMountEffects (node_modules\react-native\Libraries\Renderer\implementations\ReactFabric-dev.js)
  commitPassiveMountOnFiber (node_modules\react-native\Libraries\Renderer\implementations\ReactFabric-dev.js)
  recursivelyTraversePassiveMountEffects (node_modules\react-native\Libraries\Renderer\implementations\ReactFabric-dev.js)
  commitPassiveMountOnFiber (node_modules\react-native\Libraries\Renderer\implementations\ReactFabric-dev.js)
  recursivelyTraversePassiveMountEffects (node_modules\react-native\Libraries\Renderer\implementations\ReactFabric-dev.js)
  commitPassiveMountOnFiber (node_modules\react-native\Libraries\Renderer\implementations\ReactFabric-dev.js)
  flushPassiveEffects (node_modules\react-native\Libraries\Renderer\implementations\ReactFabric-dev.js)
  scheduleCallback$argument_1 (node_modules\react-native\Libraries\Renderer\implementations\ReactFabric-dev.js) 

Call Stack
  BaseRoute (node_modules\expo-router\build\useScreens.js)
  SceneView (node_modules\@react-navigation\core\lib\module\SceneView.js)
  render (node_modules\@react-navigation\core\lib\module\useDescriptors.js)
  routes.reduce$argument_0 (node_modules\@react-navigation\core\lib\module\useDescriptors.js)
  reduce (<native>)
  useDescriptors (node_modules\@react-navigation\core\lib\module\useDescriptors.js)
  useNavigationBuilder (node_modules\@react-navigation\core\lib\module\useNavigationBuilder.js)
  NativeStackNavigator (node_modules\expo-router\build\fork\native-stack\createNativeStackNavigator.js)
  <anonymous> (node_modules\expo-router\build\layouts\withLayoutContext.js)
  Object.assign$argument_0 (node_modules\expo-router\build\layouts\StackClient.js)
  RootLayout (app\_layout.tsx)
  BaseRoute (node_modules\expo-router\build\useScreens.js)
  SceneView (node_modules\@react-navigation\core\lib\module\SceneView.js)
  render (node_modules\@react-navigation\core\lib\module\useDescriptors.js)
  routes.reduce$argument_0 (node_modules\@react-navigation\core\lib\module\useDescriptors.js)
  reduce (<native>)
  useDescriptors (node_modules\@react-navigation\core\lib\module\useDescriptors.js)
  useNavigationBuilder (node_modules\@react-navigation\core\lib\module\useNavigationBuilder.js)
  Content (node_modules\expo-router\build\ExpoRoot.js)
  ContextNavigator (node_modules\expo-router\build\ExpoRoot.js)
  ExpoRoot (node_modules\expo-router\build\ExpoRoot.js)
  App (node_modules\expo-router\build\qualified-entry.js)
  WithDevTools (node_modules\expo\src\launch\withDevTools.ios.tsx)
 LOG  FloatingHomeButton - current pathname: /
iOS node_modules\expo-router\entry.js ░░░░░░░░░░░░░░░░  0.0% (0/1)
iOS Bundled 1143ms node_modules\expo-router\entry.js (1 module)
 WARN  expo-notifications: Android Push notifications (remote notifications) functionality provided by expo-notifications was removed from Expo Go with the release of SDK 53. Use a development build instead of Expo Go. Read more at https://docs.expo.dev/develop/development-builds/introduction/.
 WARN  `expo-notifications` functionality is not fully supported in Expo Go:
We recommend you instead use a development build to avoid limitations. Learn more: https://expo.fyi/dev-client.
 WARN  [expo-av]: Expo AV has been deprecated and will be removed in SDK 54. Use the `expo-audio` and `expo-video` packages to replace the required functionality.
 LOG  FloatingHomeButton - current pathname: /
iOS Bundled 109ms node_modules\@react-native-async-storage\async-storage\src\index.ts (1 module)
 LOG  FloatingHomeButton - current pathname: /
 LOG  ✅ Push token: ExponentPushToken[MRvw5vMhlyZX...
 LOG  FloatingHomeButton - current pathname: /
 LOG  FloatingHomeButton - current pathname: /mensajeria
 LOG  FloatingHomeButton - current pathname: /monedero
 LOG  FloatingHomeButton - current pathname: /servicios
 LOG  FloatingHomeButton - current pathname: /ajustes
 WARN  SafeAreaView has been deprecated and will be removed in a future release. Please use 'react-native-safe-area-context' instead. See https://github.com/th3rdwave/react-native-safe-area-context
 LOG  FloatingHomeButton - current pathname: /mensajeria
 LOG  FloatingHomeButton - current pathname: /chat/225b88b9-7208-4ed8-9ce4-20f2edb75104
 ERROR  [Error: cannot add `presence` callbacks for realtime:online-users after `subscribe()`.] 

Call Stack
  on (node_modules\@supabase\realtime-js\dist\main\RealtimeChannel.js)
  subscribeToOnlineUsers (src\supabase.ts)
  useEffect$argument_0 (app\chat\[id].tsx)
  callCreate.reactStackBottomFrame (node_modules\react-native\Libraries\Renderer\implementations\ReactFabric-dev.js)
  runWithFiberInDEV (node_modules\react-native\Libraries\Renderer\implementations\ReactFabric-dev.js)
  commitHookEffectListMount (node_modules\react-native\Libraries\Renderer\implementations\ReactFabric-dev.js)
  commitHookPassiveMountEffects (node_modules\react-native\Libraries\Renderer\implementations\ReactFabric-dev.js)
  commitPassiveMountOnFiber (node_modules\react-native\Libraries\Renderer\implementations\ReactFabric-dev.js)
  recursivelyTraversePassiveMountEffects (node_modules\react-native\Libraries\Renderer\implementations\ReactFabric-dev.js)
  commitPassiveMountOnFiber (node_modules\react-native\Libraries\Renderer\implementations\ReactFabric-dev.js)
  recursivelyTraversePassiveMountEffects (node_modules\react-native\Libraries\Renderer\implementations\ReactFabric-dev.js)
  commitPassiveMountOnFiber (node_modules\react-native\Libraries\Renderer\implementations\ReactFabric-dev.js)
  recursivelyTraversePassiveMountEffects (node_modules\react-native\Libraries\Renderer\implementations\ReactFabric-dev.js)
  commitPassiveMountOnFiber (node_modules\react-native\Libraries\Renderer\implementations\ReactFabric-dev.js)
  recursivelyTraversePassiveMountEffects (node_modules\react-native\Libraries\Renderer\implementations\ReactFabric-dev.js)
  commitPassiveMountOnFiber (node_modules\react-native\Libraries\Renderer\implementations\ReactFabric-dev.js)
  recursivelyTraversePassiveMountEffects (node_modules\react-native\Libraries\Renderer\implementations\ReactFabric-dev.js)
  commitPassiveMountOnFiber (node_modules\react-native\Libraries\Renderer\implementations\ReactFabric-dev.js)
  recursivelyTraversePassiveMountEffects (node_modules\react-native\Libraries\Renderer\implementations\ReactFabric-dev.js)
  commitPassiveMountOnFiber (node_modules\react-native\Libraries\Renderer\implementations\ReactFabric-dev.js)
  recursivelyTraversePassiveMountEffects (node_modules\react-native\Libraries\Renderer\implementations\ReactFabric-dev.js)
  commitPassiveMountOnFiber (node_modules\react-native\Libraries\Renderer\implementations\ReactFabric-dev.js)
  recursivelyTraversePassiveMountEffects (node_modules\react-native\Libraries\Renderer\implementations\ReactFabric-dev.js)
  commitPassiveMountOnFiber (node_modules\react-native\Libraries\Renderer\implementations\ReactFabric-dev.js)
  recursivelyTraversePassiveMountEffects (node_modules\react-native\Libraries\Renderer\implementations\ReactFabric-dev.js)
  commitPassiveMountOnFiber (node_modules\react-native\Libraries\Renderer\implementations\ReactFabric-dev.js)
  recursivelyTraversePassiveMountEffects (node_modules\react-native\Libraries\Renderer\implementations\ReactFabric-dev.js)
  commitPassiveMountOnFiber (node_modules\react-native\Libraries\Renderer\implementations\ReactFabric-dev.js)
  recursivelyTraversePassiveMountEffects (node_modules\react-native\Libraries\Renderer\implementations\ReactFabric-dev.js)
  commitPassiveMountOnFiber (node_modules\react-native\Libraries\Renderer\implementations\ReactFabric-dev.js)
  recursivelyTraversePassiveMountEffects (node_modules\react-native\Libraries\Renderer\implementations\ReactFabric-dev.js)
  commitPassiveMountOnFiber (node_modules\react-native\Libraries\Renderer\implementations\ReactFabric-dev.js)
  recursivelyTraversePassiveMountEffects (node_modules\react-native\Libraries\Renderer\implementations\ReactFabric-dev.js)
  commitPassiveMountOnFiber (node_modules\react-native\Libraries\Renderer\implementations\ReactFabric-dev.js)
  recursivelyTraversePassiveMountEffects (node_modules\react-native\Libraries\Renderer\implementations\ReactFabric-dev.js)
  commitPassiveMountOnFiber (node_modules\react-native\Libraries\Renderer\implementations\ReactFabric-dev.js)
  recursivelyTraversePassiveMountEffects (node_modules\react-native\Libraries\Renderer\implementations\ReactFabric-dev.js)
  commitPassiveMountOnFiber (node_modules\react-native\Libraries\Renderer\implementations\ReactFabric-dev.js)
  recursivelyTraversePassiveMountEffects (node_modules\react-native\Libraries\Renderer\implementations\ReactFabric-dev.js)
  commitPassiveMountOnFiber (node_modules\react-native\Libraries\Renderer\implementations\ReactFabric-dev.js)
  recursivelyTraversePassiveMountEffects (node_modules\react-native\Libraries\Renderer\implementations\ReactFabric-dev.js)
  commitPassiveMountOnFiber (node_modules\react-native\Libraries\Renderer\implementations\ReactFabric-dev.js)
  recursivelyTraversePassiveMountEffects (node_modules\react-native\Libraries\Renderer\implementations\ReactFabric-dev.js)
  commitPassiveMountOnFiber (node_modules\react-native\Libraries\Renderer\implementations\ReactFabric-dev.js)
  recursivelyTraversePassiveMountEffects (node_modules\react-native\Libraries\Renderer\implementations\ReactFabric-dev.js)
  commitPassiveMountOnFiber (node_modules\react-native\Libraries\Renderer\implementations\ReactFabric-dev.js)
  recursivelyTraversePassiveMountEffects (node_modules\react-native\Libraries\Renderer\implementations\ReactFabric-dev.js)
  commitPassiveMountOnFiber (node_modules\react-native\Libraries\Renderer\implementations\ReactFabric-dev.js)
  recursivelyTraversePassiveMountEffects (node_modules\react-native\Libraries\Renderer\implementations\ReactFabric-dev.js)
  commitPassiveMountOnFiber (node_modules\react-native\Libraries\Renderer\implementations\ReactFabric-dev.js)
  recursivelyTraversePassiveMountEffects (node_modules\react-native\Libraries\Renderer\implementations\ReactFabric-dev.js)
  commitPassiveMountOnFiber (node_modules\react-native\Libraries\Renderer\implementations\ReactFabric-dev.js)
  recursivelyTraversePassiveMountEffects (node_modules\react-native\Libraries\Renderer\implementations\ReactFabric-dev.js)
  commitPassiveMountOnFiber (node_modules\react-native\Libraries\Renderer\implementations\ReactFabric-dev.js)
  recursivelyTraversePassiveMountEffects (node_modules\react-native\Libraries\Renderer\implementations\ReactFabric-dev.js)
  commitPassiveMountOnFiber (node_modules\react-native\Libraries\Renderer\implementations\ReactFabric-dev.js)
  recursivelyTraversePassiveMountEffects (node_modules\react-native\Libraries\Renderer\implementations\ReactFabric-dev.js)
  commitPassiveMountOnFiber (node_modules\react-native\Libraries\Renderer\implementations\ReactFabric-dev.js)
  recursivelyTraversePassiveMountEffects (node_modules\react-native\Libraries\Renderer\implementations\ReactFabric-dev.js)
  commitPassiveMountOnFiber (node_modules\react-native\Libraries\Renderer\implementations\ReactFabric-dev.js)
  recursivelyTraversePassiveMountEffects (node_modules\react-native\Libraries\Renderer\implementations\ReactFabric-dev.js)
  commitPassiveMountOnFiber (node_modules\react-native\Libraries\Renderer\implementations\ReactFabric-dev.js)
  recursivelyTraversePassiveMountEffects (node_modules\react-native\Libraries\Renderer\implementations\ReactFabric-dev.js)
  commitPassiveMountOnFiber (node_modules\react-native\Libraries\Renderer\implementations\ReactFabric-dev.js)
  recursivelyTraversePassiveMountEffects (node_modules\react-native\Libraries\Renderer\implementations\ReactFabric-dev.js)
  commitPassiveMountOnFiber (node_modules\react-native\Libraries\Renderer\implementations\ReactFabric-dev.js)
  recursivelyTraversePassiveMountEffects (node_modules\react-native\Libraries\Renderer\implementations\ReactFabric-dev.js)
  commitPassiveMountOnFiber (node_modules\react-native\Libraries\Renderer\implementations\ReactFabric-dev.js)
  recursivelyTraversePassiveMountEffects (node_modules\react-native\Libraries\Renderer\implementations\ReactFabric-dev.js)
  commitPassiveMountOnFiber (node_modules\react-native\Libraries\Renderer\implementations\ReactFabric-dev.js)
  recursivelyTraversePassiveMountEffects (node_modules\react-native\Libraries\Renderer\implementations\ReactFabric-dev.js)
  commitPassiveMountOnFiber (node_modules\react-native\Libraries\Renderer\implementations\ReactFabric-dev.js)
  recursivelyTraversePassiveMountEffects (node_modules\react-native\Libraries\Renderer\implementations\ReactFabric-dev.js)
  commitPassiveMountOnFiber (node_modules\react-native\Libraries\Renderer\implementations\ReactFabric-dev.js)
  recursivelyTraversePassiveMountEffects (node_modules\react-native\Libraries\Renderer\implementations\ReactFabric-dev.js)
  commitPassiveMountOnFiber (node_modules\react-native\Libraries\Renderer\implementations\ReactFabric-dev.js)
  recursivelyTraversePassiveMountEffects (node_modules\react-native\Libraries\Renderer\implementations\ReactFabric-dev.js)
  commitPassiveMountOnFiber (node_modules\react-native\Libraries\Renderer\implementations\ReactFabric-dev.js)
  recursivelyTraversePassiveMountEffects (node_modules\react-native\Libraries\Renderer\implementations\ReactFabric-dev.js)
  commitPassiveMountOnFiber (node_modules\react-native\Libraries\Renderer\implementations\ReactFabric-dev.js)
  recursivelyTraversePassiveMountEffects (node_modules\react-native\Libraries\Renderer\implementations\ReactFabric-dev.js)
  commitPassiveMountOnFiber (node_modules\react-native\Libraries\Renderer\implementations\ReactFabric-dev.js)
  recursivelyTraversePassiveMountEffects (node_modules\react-native\Libraries\Renderer\implementations\ReactFabric-dev.js)
  commitPassiveMountOnFiber (node_modules\react-native\Libraries\Renderer\implementations\ReactFabric-dev.js)
  recursivelyTraversePassiveMountEffects (node_modules\react-native\Libraries\Renderer\implementations\ReactFabric-dev.js)
  commitPassiveMountOnFiber (node_modules\react-native\Libraries\Renderer\implementations\ReactFabric-dev.js)
  recursivelyTraversePassiveMountEffects (node_modules\react-native\Libraries\Renderer\implementations\ReactFabric-dev.js)
  commitPassiveMountOnFiber (node_modules\react-native\Libraries\Renderer\implementations\ReactFabric-dev.js)
  recursivelyTraversePassiveMountEffects (node_modules\react-native\Libraries\Renderer\implementations\ReactFabric-dev.js)
  commitPassiveMountOnFiber (node_modules\react-native\Libraries\Renderer\implementations\ReactFabric-dev.js)
  recursivelyTraversePassiveMountEffects (node_modules\react-native\Libraries\Renderer\implementations\ReactFabric-dev.js)
  commitPassiveMountOnFiber (node_modules\react-native\Libraries\Renderer\implementations\ReactFabric-dev.js)
  recursivelyTraversePassiveMountEffects (node_modules\react-native\Libraries\Renderer\implementations\ReactFabric-dev.js)
  commitPassiveMountOnFiber (node_modules\react-native\Libraries\Renderer\implementations\ReactFabric-dev.js)
  recursivelyTraversePassiveMountEffects (node_modules\react-native\Libraries\Renderer\implementations\ReactFabric-dev.js)
  commitPassiveMountOnFiber (node_modules\react-native\Libraries\Renderer\implementations\ReactFabric-dev.js)
  recursivelyTraversePassiveMountEffects (node_modules\react-native\Libraries\Renderer\implementations\ReactFabric-dev.js)
  commitPassiveMountOnFiber (node_modules\react-native\Libraries\Renderer\implementations\ReactFabric-dev.js)
  flushPassiveEffects (node_modules\react-native\Libraries\Renderer\implementations\ReactFabric-dev.js)
  scheduleCallback$argument_1 (node_modules\react-native\Libraries\Renderer\implementations\ReactFabric-dev.js) 

Call Stack
  BaseRoute (node_modules\expo-router\build\useScreens.js)
  SceneView (node_modules\@react-navigation\core\lib\module\SceneView.js)
  render (node_modules\@react-navigation\core\lib\module\useDescriptors.js)
  routes.reduce$argument_0 (node_modules\@react-navigation\core\lib\module\useDescriptors.js)
  reduce (<native>)
  useDescriptors (node_modules\@react-navigation\core\lib\module\useDescriptors.js)
  useNavigationBuilder (node_modules\@react-navigation\core\lib\module\useNavigationBuilder.js)
  NativeStackNavigator (node_modules\expo-router\build\fork\native-stack\createNativeStackNavigator.js)
  <anonymous> (node_modules\expo-router\build\layouts\withLayoutContext.js)
  Object.assign$argument_0 (node_modules\expo-router\build\layouts\StackClient.js)
  RootLayout (app\_layout.tsx)
  BaseRoute (node_modules\expo-router\build\useScreens.js)
  SceneView (node_modules\@react-navigation\core\lib\module\SceneView.js)
  render (node_modules\@react-navigation\core\lib\module\useDescriptors.js)
  routes.reduce$argument_0 (node_modules\@react-navigation\core\lib\module\useDescriptors.js)
  reduce (<native>)
  useDescriptors (node_modules\@react-navigation\core\lib\module\useDescriptors.js)
  useNavigationBuilder (node_modules\@react-navigation\core\lib\module\useNavigationBuilder.js)
  Content (node_modules\expo-router\build\ExpoRoot.js)
  ContextNavigator (node_modules\expo-router\build\ExpoRoot.js)
  ExpoRoot (node_modules\expo-router\build\ExpoRoot.js)
  App (node_modules\expo-router\build\qualified-entry.js)
  WithDevTools (node_modules\expo\src\launch\withDevTools.ios.tsx)
iOS node_modules\expo-router\entry.js ░░░░░░░░░░░░░░░░  0.0% (0/1)
iOS Bundled 1500ms node_modules\expo-router\entry.js (1 module)
 WARN  expo-notifications: Android Push notifications (remote notifications) functionality provided by expo-notifications was removed from Expo Go with the release of SDK 53. Use a development build instead of Expo Go. Read more at https://docs.expo.dev/develop/development-builds/introduction/.
 WARN  `expo-notifications` functionality is not fully supported in Expo Go:
We recommend you instead use a development build to avoid limitations. Learn more: https://expo.fyi/dev-client.
 WARN  [expo-av]: Expo AV has been deprecated and will be removed in SDK 54. Use the `expo-audio` and `expo-video` packages to replace the required functionality.
 LOG  FloatingHomeButton - current pathname: /
 LOG  FloatingHomeButton - current pathname: /
iOS Bundled 78ms node_modules\@react-native-async-storage\async-storage\src\index.ts (1 module)
 LOG  ✅ Push token: ExponentPushToken[MRvw5vMhlyZX...
 LOG  FloatingHomeButton - current pathname: /
 LOG  FloatingHomeButton - current pathname: /mensajeria
 LOG  FloatingHomeButton - current pathname: /chat/225b88b9-7208-4ed8-9ce4-20f2edb75104
 ERROR  [Error: cannot add `presence` callbacks for realtime:online-users after `subscribe()`.] 

Call Stack
  on (node_modules\@supabase\realtime-js\dist\main\RealtimeChannel.js)
  subscribeToOnlineUsers (src\supabase.ts)
  useEffect$argument_0 (app\chat\[id].tsx)
  callCreate.reactStackBottomFrame (node_modules\react-native\Libraries\Renderer\implementations\ReactFabric-dev.js)
  runWithFiberInDEV (node_modules\react-native\Libraries\Renderer\implementations\ReactFabric-dev.js)
  commitHookEffectListMount (node_modules\react-native\Libraries\Renderer\implementations\ReactFabric-dev.js)
  commitHookPassiveMountEffects (node_modules\react-native\Libraries\Renderer\implementations\ReactFabric-dev.js)
  commitPassiveMountOnFiber (node_modules\react-native\Libraries\Renderer\implementations\ReactFabric-dev.js)
  recursivelyTraversePassiveMountEffects (node_modules\react-native\Libraries\Renderer\implementations\ReactFabric-dev.js)
  commitPassiveMountOnFiber (node_modules\react-native\Libraries\Renderer\implementations\ReactFabric-dev.js)
  recursivelyTraversePassiveMountEffects (node_modules\react-native\Libraries\Renderer\implementations\ReactFabric-dev.js)
  commitPassiveMountOnFiber (node_modules\react-native\Libraries\Renderer\implementations\ReactFabric-dev.js)
  recursivelyTraversePassiveMountEffects (node_modules\react-native\Libraries\Renderer\implementations\ReactFabric-dev.js)
  commitPassiveMountOnFiber (node_modules\react-native\Libraries\Renderer\implementations\ReactFabric-dev.js)
  recursivelyTraversePassiveMountEffects (node_modules\react-native\Libraries\Renderer\implementations\ReactFabric-dev.js)
  commitPassiveMountOnFiber (node_modules\react-native\Libraries\Renderer\implementations\ReactFabric-dev.js)
  recursivelyTraversePassiveMountEffects (node_modules\react-native\Libraries\Renderer\implementations\ReactFabric-dev.js)
  commitPassiveMountOnFiber (node_modules\react-native\Libraries\Renderer\implementations\ReactFabric-dev.js)
  recursivelyTraversePassiveMountEffects (node_modules\react-native\Libraries\Renderer\implementations\ReactFabric-dev.js)
  commitPassiveMountOnFiber (node_modules\react-native\Libraries\Renderer\implementations\ReactFabric-dev.js)
  recursivelyTraversePassiveMountEffects (node_modules\react-native\Libraries\Renderer\implementations\ReactFabric-dev.js)
  commitPassiveMountOnFiber (node_modules\react-native\Libraries\Renderer\implementations\ReactFabric-dev.js)
  recursivelyTraversePassiveMountEffects (node_modules\react-native\Libraries\Renderer\implementations\ReactFabric-dev.js)
  commitPassiveMountOnFiber (node_modules\react-native\Libraries\Renderer\implementations\ReactFabric-dev.js)
  recursivelyTraversePassiveMountEffects (node_modules\react-native\Libraries\Renderer\implementations\ReactFabric-dev.js)
  commitPassiveMountOnFiber (node_modules\react-native\Libraries\Renderer\implementations\ReactFabric-dev.js)
  recursivelyTraversePassiveMountEffects (node_modules\react-native\Libraries\Renderer\implementations\ReactFabric-dev.js)
  commitPassiveMountOnFiber (node_modules\react-native\Libraries\Renderer\implementations\ReactFabric-dev.js)
  recursivelyTraversePassiveMountEffects (node_modules\react-native\Libraries\Renderer\implementations\ReactFabric-dev.js)
  commitPassiveMountOnFiber (node_modules\react-native\Libraries\Renderer\implementations\ReactFabric-dev.js)
  recursivelyTraversePassiveMountEffects (node_modules\react-native\Libraries\Renderer\implementations\ReactFabric-dev.js)
  commitPassiveMountOnFiber (node_modules\react-native\Libraries\Renderer\implementations\ReactFabric-dev.js)
  recursivelyTraversePassiveMountEffects (node_modules\react-native\Libraries\Renderer\implementations\ReactFabric-dev.js)
  commitPassiveMountOnFiber (node_modules\react-native\Libraries\Renderer\implementations\ReactFabric-dev.js)
  recursivelyTraversePassiveMountEffects (node_modules\react-native\Libraries\Renderer\implementations\ReactFabric-dev.js)
  commitPassiveMountOnFiber (node_modules\react-native\Libraries\Renderer\implementations\ReactFabric-dev.js)
  recursivelyTraversePassiveMountEffects (node_modules\react-native\Libraries\Renderer\implementations\ReactFabric-dev.js)
  commitPassiveMountOnFiber (node_modules\react-native\Libraries\Renderer\implementations\ReactFabric-dev.js)
  recursivelyTraversePassiveMountEffects (node_modules\react-native\Libraries\Renderer\implementations\ReactFabric-dev.js)
  commitPassiveMountOnFiber (node_modules\react-native\Libraries\Renderer\implementations\ReactFabric-dev.js)
  recursivelyTraversePassiveMountEffects (node_modules\react-native\Libraries\Renderer\implementations\ReactFabric-dev.js)
  commitPassiveMountOnFiber (node_modules\react-native\Libraries\Renderer\implementations\ReactFabric-dev.js)
  recursivelyTraversePassiveMountEffects (node_modules\react-native\Libraries\Renderer\implementations\ReactFabric-dev.js)
  commitPassiveMountOnFiber (node_modules\react-native\Libraries\Renderer\implementations\ReactFabric-dev.js)
  recursivelyTraversePassiveMountEffects (node_modules\react-native\Libraries\Renderer\implementations\ReactFabric-dev.js)
  commitPassiveMountOnFiber (node_modules\react-native\Libraries\Renderer\implementations\ReactFabric-dev.js)
  recursivelyTraversePassiveMountEffects (node_modules\react-native\Libraries\Renderer\implementations\ReactFabric-dev.js)
  commitPassiveMountOnFiber (node_modules\react-native\Libraries\Renderer\implementations\ReactFabric-dev.js)
  recursivelyTraversePassiveMountEffects (node_modules\react-native\Libraries\Renderer\implementations\ReactFabric-dev.js)
  commitPassiveMountOnFiber (node_modules\react-native\Libraries\Renderer\implementations\ReactFabric-dev.js)
  recursivelyTraversePassiveMountEffects (node_modules\react-native\Libraries\Renderer\implementations\ReactFabric-dev.js)
  commitPassiveMountOnFiber (node_modules\react-native\Libraries\Renderer\implementations\ReactFabric-dev.js)
  recursivelyTraversePassiveMountEffects (node_modules\react-native\Libraries\Renderer\implementations\ReactFabric-dev.js)
  commitPassiveMountOnFiber (node_modules\react-native\Libraries\Renderer\implementations\ReactFabric-dev.js)
  recursivelyTraversePassiveMountEffects (node_modules\react-native\Libraries\Renderer\implementations\ReactFabric-dev.js)
  commitPassiveMountOnFiber (node_modules\react-native\Libraries\Renderer\implementations\ReactFabric-dev.js)
  recursivelyTraversePassiveMountEffects (node_modules\react-native\Libraries\Renderer\implementations\ReactFabric-dev.js)
  commitPassiveMountOnFiber (node_modules\react-native\Libraries\Renderer\implementations\ReactFabric-dev.js)
  recursivelyTraversePassiveMountEffects (node_modules\react-native\Libraries\Renderer\implementations\ReactFabric-dev.js)
  commitPassiveMountOnFiber (node_modules\react-native\Libraries\Renderer\implementations\ReactFabric-dev.js)
  recursivelyTraversePassiveMountEffects (node_modules\react-native\Libraries\Renderer\implementations\ReactFabric-dev.js)
  commitPassiveMountOnFiber (node_modules\react-native\Libraries\Renderer\implementations\ReactFabric-dev.js)
  recursivelyTraversePassiveMountEffects (node_modules\react-native\Libraries\Renderer\implementations\ReactFabric-dev.js)
  commitPassiveMountOnFiber (node_modules\react-native\Libraries\Renderer\implementations\ReactFabric-dev.js)
  recursivelyTraversePassiveMountEffects (node_modules\react-native\Libraries\Renderer\implementations\ReactFabric-dev.js)
  commitPassiveMountOnFiber (node_modules\react-native\Libraries\Renderer\implementations\ReactFabric-dev.js)
  recursivelyTraversePassiveMountEffects (node_modules\react-native\Libraries\Renderer\implementations\ReactFabric-dev.js)
  commitPassiveMountOnFiber (node_modules\react-native\Libraries\Renderer\implementations\ReactFabric-dev.js)
  recursivelyTraversePassiveMountEffects (node_modules\react-native\Libraries\Renderer\implementations\ReactFabric-dev.js)
  commitPassiveMountOnFiber (node_modules\react-native\Libraries\Renderer\implementations\ReactFabric-dev.js)
  recursivelyTraversePassiveMountEffects (node_modules\react-native\Libraries\Renderer\implementations\ReactFabric-dev.js)
  commitPassiveMountOnFiber (node_modules\react-native\Libraries\Renderer\implementations\ReactFabric-dev.js)
  recursivelyTraversePassiveMountEffects (node_modules\react-native\Libraries\Renderer\implementations\ReactFabric-dev.js)
  commitPassiveMountOnFiber (node_modules\react-native\Libraries\Renderer\implementations\ReactFabric-dev.js)
  recursivelyTraversePassiveMountEffects (node_modules\react-native\Libraries\Renderer\implementations\ReactFabric-dev.js)
  commitPassiveMountOnFiber (node_modules\react-native\Libraries\Renderer\implementations\ReactFabric-dev.js)
  recursivelyTraversePassiveMountEffects (node_modules\react-native\Libraries\Renderer\implementations\ReactFabric-dev.js)
  commitPassiveMountOnFiber (node_modules\react-native\Libraries\Renderer\implementations\ReactFabric-dev.js)
  recursivelyTraversePassiveMountEffects (node_modules\react-native\Libraries\Renderer\implementations\ReactFabric-dev.js)
  commitPassiveMountOnFiber (node_modules\react-native\Libraries\Renderer\implementations\ReactFabric-dev.js)
  recursivelyTraversePassiveMountEffects (node_modules\react-native\Libraries\Renderer\implementations\ReactFabric-dev.js)
  commitPassiveMountOnFiber (node_modules\react-native\Libraries\Renderer\implementations\ReactFabric-dev.js)
  recursivelyTraversePassiveMountEffects (node_modules\react-native\Libraries\Renderer\implementations\ReactFabric-dev.js)
  commitPassiveMountOnFiber (node_modules\react-native\Libraries\Renderer\implementations\ReactFabric-dev.js)
  recursivelyTraversePassiveMountEffects (node_modules\react-native\Libraries\Renderer\implementations\ReactFabric-dev.js)
  commitPassiveMountOnFiber (node_modules\react-native\Libraries\Renderer\implementations\ReactFabric-dev.js)
  recursivelyTraversePassiveMountEffects (node_modules\react-native\Libraries\Renderer\implementations\ReactFabric-dev.js)
  commitPassiveMountOnFiber (node_modules\react-native\Libraries\Renderer\implementations\ReactFabric-dev.js)
  recursivelyTraversePassiveMountEffects (node_modules\react-native\Libraries\Renderer\implementations\ReactFabric-dev.js)
  commitPassiveMountOnFiber (node_modules\react-native\Libraries\Renderer\implementations\ReactFabric-dev.js)
  recursivelyTraversePassiveMountEffects (node_modules\react-native\Libraries\Renderer\implementations\ReactFabric-dev.js)
  commitPassiveMountOnFiber (node_modules\react-native\Libraries\Renderer\implementations\ReactFabric-dev.js)
  recursivelyTraversePassiveMountEffects (node_modules\react-native\Libraries\Renderer\implementations\ReactFabric-dev.js)
  commitPassiveMountOnFiber (node_modules\react-native\Libraries\Renderer\implementations\ReactFabric-dev.js)
  recursivelyTraversePassiveMountEffects (node_modules\react-native\Libraries\Renderer\implementations\ReactFabric-dev.js)
  commitPassiveMountOnFiber (node_modules\react-native\Libraries\Renderer\implementations\ReactFabric-dev.js)
  recursivelyTraversePassiveMountEffects (node_modules\react-native\Libraries\Renderer\implementations\ReactFabric-dev.js)
  commitPassiveMountOnFiber (node_modules\react-native\Libraries\Renderer\implementations\ReactFabric-dev.js)
  flushPassiveEffects (node_modules\react-native\Libraries\Renderer\implementations\ReactFabric-dev.js)
  scheduleCallback$argument_1 (node_modules\react-native\Libraries\Renderer\implementations\ReactFabric-dev.js) 

Call Stack
  BaseRoute (node_modules\expo-router\build\useScreens.js)
  SceneView (node_modules\@react-navigation\core\lib\module\SceneView.js)
  render (node_modules\@react-navigation\core\lib\module\useDescriptors.js)
  routes.reduce$argument_0 (node_modules\@react-navigation\core\lib\module\useDescriptors.js)
  reduce (<native>)
  useDescriptors (node_modules\@react-navigation\core\lib\module\useDescriptors.js)
  useNavigationBuilder (node_modules\@react-navigation\core\lib\module\useNavigationBuilder.js)
  NativeStackNavigator (node_modules\expo-router\build\fork\native-stack\createNativeStackNavigator.js)
  <anonymous> (node_modules\expo-router\build\layouts\withLayoutContext.js)
  Object.assign$argument_0 (node_modules\expo-router\build\layouts\StackClient.js)
  RootLayout (app\_layout.tsx)
  BaseRoute (node_modules\expo-router\build\useScreens.js)
  SceneView (node_modules\@react-navigation\core\lib\module\SceneView.js)
  render (node_modules\@react-navigation\core\lib\module\useDescriptors.js)
  routes.reduce$argument_0 (node_modules\@react-navigation\core\lib\module\useDescriptors.js)
  reduce (<native>)
  useDescriptors (node_modules\@react-navigation\core\lib\module\useDescriptors.js)
  useNavigationBuilder (node_modules\@react-navigation\core\lib\module\useNavigationBuilder.js)
  Content (node_modules\expo-router\build\ExpoRoot.js)
  ContextNavigator (node_modules\expo-router\build\ExpoRoot.js)
  ExpoRoot (node_modules\expo-router\build\ExpoRoot.js)
  App (node_modules\expo-router\build\qualified-entry.js)
  WithDevTools (node_modules\expo\src\launch\withDevTools.ios.tsx)
iOS node_modules\expo-router\entry.js ░░░░░░░░░░░░░░░░  0.0% (0/1)
iOS Bundled 613ms node_modules\expo-router\entry.js (1 module)
 WARN  expo-notifications: Android Push notifications (remote notifications) functionality provided by expo-notifications was removed from Expo Go with the release of SDK 53. Use a development build instead of Expo Go. Read more at https://docs.expo.dev/develop/development-builds/introduction/.
 WARN  `expo-notifications` functionality is not fully supported in Expo Go:
We recommend you instead use a development build to avoid limitations. Learn more: https://expo.fyi/dev-client.
 WARN  [expo-av]: Expo AV has been deprecated and will be removed in SDK 54. Use the `expo-audio` and `expo-video` packages to replace the required functionality.
 LOG  FloatingHomeButton - current pathname: /
iOS Bundled 69ms node_modules\@react-native-async-storage\async-storage\src\index.ts (1 module)
 LOG  FloatingHomeButton - current pathname: /
 LOG  ✅ Push token: ExponentPushToken[MRvw5vMhlyZX...
 LOG  FloatingHomeButton - current pathname: /
 LOG  FloatingHomeButton - current pathname: /mensajeria
 LOG  FloatingHomeButton - current pathname: /chat/225b88b9-7208-4ed8-9ce4-20f2edb75104
 WARN  SafeAreaView has been deprecated and will be removed in a future release. Please use 'react-native-safe-area-context' instead. See https://github.com/th3rdwave/react-native-safe-area-context
 LOG  FloatingHomeButton - current pathname: /chat/225b88b9-7208-4ed8-9ce4-20f2edb75104
 LOG  FloatingHomeButton - current pathname: /
 LOG  ✅ Push token: ExponentPushToken[MRvw5vMhlyZX...
 LOG  FloatingHomeButton - current pathname: /monedero
 LOG  FloatingHomeButton - current pathname: /mensajeria
 ERROR  [Error: cannot add `postgres_changes` callbacks for realtime:user-chats:017c94ea-ce1c-47e1-8433-9bb756817038 after `subscribe()`.] 

Call Stack
  RealtimeChannel (node_modules\@supabase\realtime-js\dist\main\RealtimeChannel.js)
  subscribeToUserChats (src\supabase.ts)
  useEffect$argument_0 (app\(tabs)\mensajeria.tsx)
  callCreate.reactStackBottomFrame (node_modules\react-native\Libraries\Renderer\implementations\ReactFabric-dev.js)
  runWithFiberInDEV (node_modules\react-native\Libraries\Renderer\implementations\ReactFabric-dev.js)
  commitHookEffectListMount (node_modules\react-native\Libraries\Renderer\implementations\ReactFabric-dev.js)
  commitHookPassiveMountEffects (node_modules\react-native\Libraries\Renderer\implementations\ReactFabric-dev.js)
  commitPassiveMountOnFiber (node_modules\react-native\Libraries\Renderer\implementations\ReactFabric-dev.js)
  recursivelyTraversePassiveMountEffects (node_modules\react-native\Libraries\Renderer\implementations\ReactFabric-dev.js)
  commitPassiveMountOnFiber (node_modules\react-native\Libraries\Renderer\implementations\ReactFabric-dev.js)
  recursivelyTraversePassiveMountEffects (node_modules\react-native\Libraries\Renderer\implementations\ReactFabric-dev.js)
  commitPassiveMountOnFiber (node_modules\react-native\Libraries\Renderer\implementations\ReactFabric-dev.js)
  recursivelyTraversePassiveMountEffects (node_modules\react-native\Libraries\Renderer\implementations\ReactFabric-dev.js)
  commitPassiveMountOnFiber (node_modules\react-native\Libraries\Renderer\implementations\ReactFabric-dev.js)
  recursivelyTraversePassiveMountEffects (node_modules\react-native\Libraries\Renderer\implementations\ReactFabric-dev.js)
  commitPassiveMountOnFiber (node_modules\react-native\Libraries\Renderer\implementations\ReactFabric-dev.js)
  recursivelyTraversePassiveMountEffects (node_modules\react-native\Libraries\Renderer\implementations\ReactFabric-dev.js)
  commitPassiveMountOnFiber (node_modules\react-native\Libraries\Renderer\implementations\ReactFabric-dev.js)
  recursivelyTraversePassiveMountEffects (node_modules\react-native\Libraries\Renderer\implementations\ReactFabric-dev.js)
  commitPassiveMountOnFiber (node_modules\react-native\Libraries\Renderer\implementations\ReactFabric-dev.js)
  recursivelyTraversePassiveMountEffects (node_modules\react-native\Libraries\Renderer\implementations\ReactFabric-dev.js)
  commitPassiveMountOnFiber (node_modules\react-native\Libraries\Renderer\implementations\ReactFabric-dev.js)
  recursivelyTraversePassiveMountEffects (node_modules\react-native\Libraries\Renderer\implementations\ReactFabric-dev.js)
  commitPassiveMountOnFiber (node_modules\react-native\Libraries\Renderer\implementations\ReactFabric-dev.js)
  recursivelyTraversePassiveMountEffects (node_modules\react-native\Libraries\Renderer\implementations\ReactFabric-dev.js)
  commitPassiveMountOnFiber (node_modules\react-native\Libraries\Renderer\implementations\ReactFabric-dev.js)
  recursivelyTraversePassiveMountEffects (node_modules\react-native\Libraries\Renderer\implementations\ReactFabric-dev.js)
  commitPassiveMountOnFiber (node_modules\react-native\Libraries\Renderer\implementations\ReactFabric-dev.js)
  recursivelyTraversePassiveMountEffects (node_modules\react-native\Libraries\Renderer\implementations\ReactFabric-dev.js)
  commitPassiveMountOnFiber (node_modules\react-native\Libraries\Renderer\implementations\ReactFabric-dev.js)
  recursivelyTraversePassiveMountEffects (node_modules\react-native\Libraries\Renderer\implementations\ReactFabric-dev.js)
  commitPassiveMountOnFiber (node_modules\react-native\Libraries\Renderer\implementations\ReactFabric-dev.js)
  recursivelyTraversePassiveMountEffects (node_modules\react-native\Libraries\Renderer\implementations\ReactFabric-dev.js)
  commitPassiveMountOnFiber (node_modules\react-native\Libraries\Renderer\implementations\ReactFabric-dev.js)
  recursivelyTraversePassiveMountEffects (node_modules\react-native\Libraries\Renderer\implementations\ReactFabric-dev.js)
  commitPassiveMountOnFiber (node_modules\react-native\Libraries\Renderer\implementations\ReactFabric-dev.js)
  recursivelyTraversePassiveMountEffects (node_modules\react-native\Libraries\Renderer\implementations\ReactFabric-dev.js)
  commitPassiveMountOnFiber (node_modules\react-native\Libraries\Renderer\implementations\ReactFabric-dev.js)
  recursivelyTraversePassiveMountEffects (node_modules\react-native\Libraries\Renderer\implementations\ReactFabric-dev.js)
  commitPassiveMountOnFiber (node_modules\react-native\Libraries\Renderer\implementations\ReactFabric-dev.js)
  recursivelyTraversePassiveMountEffects (node_modules\react-native\Libraries\Renderer\implementations\ReactFabric-dev.js)
  commitPassiveMountOnFiber (node_modules\react-native\Libraries\Renderer\implementations\ReactFabric-dev.js)
  recursivelyTraversePassiveMountEffects (node_modules\react-native\Libraries\Renderer\implementations\ReactFabric-dev.js)
  commitPassiveMountOnFiber (node_modules\react-native\Libraries\Renderer\implementations\ReactFabric-dev.js)
  recursivelyTraversePassiveMountEffects (node_modules\react-native\Libraries\Renderer\implementations\ReactFabric-dev.js)
  commitPassiveMountOnFiber (node_modules\react-native\Libraries\Renderer\implementations\ReactFabric-dev.js)
  recursivelyTraversePassiveMountEffects (node_modules\react-native\Libraries\Renderer\implementations\ReactFabric-dev.js)
  commitPassiveMountOnFiber (node_modules\react-native\Libraries\Renderer\implementations\ReactFabric-dev.js)
  recursivelyTraversePassiveMountEffects (node_modules\react-native\Libraries\Renderer\implementations\ReactFabric-dev.js)
  commitPassiveMountOnFiber (node_modules\react-native\Libraries\Renderer\implementations\ReactFabric-dev.js)
  recursivelyTraversePassiveMountEffects (node_modules\react-native\Libraries\Renderer\implementations\ReactFabric-dev.js)
  commitPassiveMountOnFiber (node_modules\react-native\Libraries\Renderer\implementations\ReactFabric-dev.js)
  recursivelyTraversePassiveMountEffects (node_modules\react-native\Libraries\Renderer\implementations\ReactFabric-dev.js)
  commitPassiveMountOnFiber (node_modules\react-native\Libraries\Renderer\implementations\ReactFabric-dev.js)
  recursivelyTraversePassiveMountEffects (node_modules\react-native\Libraries\Renderer\implementations\ReactFabric-dev.js)
  commitPassiveMountOnFiber (node_modules\react-native\Libraries\Renderer\implementations\ReactFabric-dev.js)
  recursivelyTraversePassiveMountEffects (node_modules\react-native\Libraries\Renderer\implementations\ReactFabric-dev.js)
  commitPassiveMountOnFiber (node_modules\react-native\Libraries\Renderer\implementations\ReactFabric-dev.js)
  recursivelyTraversePassiveMountEffects (node_modules\react-native\Libraries\Renderer\implementations\ReactFabric-dev.js)
  commitPassiveMountOnFiber (node_modules\react-native\Libraries\Renderer\implementations\ReactFabric-dev.js)
  recursivelyTraversePassiveMountEffects (node_modules\react-native\Libraries\Renderer\implementations\ReactFabric-dev.js)
  commitPassiveMountOnFiber (node_modules\react-native\Libraries\Renderer\implementations\ReactFabric-dev.js)
  recursivelyTraversePassiveMountEffects (node_modules\react-native\Libraries\Renderer\implementations\ReactFabric-dev.js)
  commitPassiveMountOnFiber (node_modules\react-native\Libraries\Renderer\implementations\ReactFabric-dev.js)
  recursivelyTraversePassiveMountEffects (node_modules\react-native\Libraries\Renderer\implementations\ReactFabric-dev.js)
  commitPassiveMountOnFiber (node_modules\react-native\Libraries\Renderer\implementations\ReactFabric-dev.js)
  recursivelyTraversePassiveMountEffects (node_modules\react-native\Libraries\Renderer\implementations\ReactFabric-dev.js)
  commitPassiveMountOnFiber (node_modules\react-native\Libraries\Renderer\implementations\ReactFabric-dev.js)
  recursivelyTraversePassiveMountEffects (node_modules\react-native\Libraries\Renderer\implementations\ReactFabric-dev.js)
  commitPassiveMountOnFiber (node_modules\react-native\Libraries\Renderer\implementations\ReactFabric-dev.js)
  recursivelyTraversePassiveMountEffects (node_modules\react-native\Libraries\Renderer\implementations\ReactFabric-dev.js)
  commitPassiveMountOnFiber (node_modules\react-native\Libraries\Renderer\implementations\ReactFabric-dev.js)
  recursivelyTraversePassiveMountEffects (node_modules\react-native\Libraries\Renderer\implementations\ReactFabric-dev.js)
  commitPassiveMountOnFiber (node_modules\react-native\Libraries\Renderer\implementations\ReactFabric-dev.js)
  recursivelyTraversePassiveMountEffects (node_modules\react-native\Libraries\Renderer\implementations\ReactFabric-dev.js)
  commitPassiveMountOnFiber (node_modules\react-native\Libraries\Renderer\implementations\ReactFabric-dev.js)
  recursivelyTraversePassiveMountEffects (node_modules\react-native\Libraries\Renderer\implementations\ReactFabric-dev.js)
  commitPassiveMountOnFiber (node_modules\react-native\Libraries\Renderer\implementations\ReactFabric-dev.js)
  recursivelyTraversePassiveMountEffects (node_modules\react-native\Libraries\Renderer\implementations\ReactFabric-dev.js)
  commitPassiveMountOnFiber (node_modules\react-native\Libraries\Renderer\implementations\ReactFabric-dev.js)
  recursivelyTraversePassiveMountEffects (node_modules\react-native\Libraries\Renderer\implementations\ReactFabric-dev.js)
  commitPassiveMountOnFiber (node_modules\react-native\Libraries\Renderer\implementations\ReactFabric-dev.js)
  recursivelyTraversePassiveMountEffects (node_modules\react-native\Libraries\Renderer\implementations\ReactFabric-dev.js)
  commitPassiveMountOnFiber (node_modules\react-native\Libraries\Renderer\implementations\ReactFabric-dev.js)
  recursivelyTraversePassiveMountEffects (node_modules\react-native\Libraries\Renderer\implementations\ReactFabric-dev.js)
  commitPassiveMountOnFiber (node_modules\react-native\Libraries\Renderer\implementations\ReactFabric-dev.js)
  recursivelyTraversePassiveMountEffects (node_modules\react-native\Libraries\Renderer\implementations\ReactFabric-dev.js)
  commitPassiveMountOnFiber (node_modules\react-native\Libraries\Renderer\implementations\ReactFabric-dev.js)
  recursivelyTraversePassiveMountEffects (node_modules\react-native\Libraries\Renderer\implementations\ReactFabric-dev.js)
  commitPassiveMountOnFiber (node_modules\react-native\Libraries\Renderer\implementations\ReactFabric-dev.js)
  recursivelyTraversePassiveMountEffects (node_modules\react-native\Libraries\Renderer\implementations\ReactFabric-dev.js)
  commitPassiveMountOnFiber (node_modules\react-native\Libraries\Renderer\implementations\ReactFabric-dev.js)
  recursivelyTraversePassiveMountEffects (node_modules\react-native\Libraries\Renderer\implementations\ReactFabric-dev.js)
  commitPassiveMountOnFiber (node_modules\react-native\Libraries\Renderer\implementations\ReactFabric-dev.js)
  recursivelyTraversePassiveMountEffects (node_modules\react-native\Libraries\Renderer\implementations\ReactFabric-dev.js)
  commitPassiveMountOnFiber (node_modules\react-native\Libraries\Renderer\implementations\ReactFabric-dev.js)
  recursivelyTraversePassiveMountEffects (node_modules\react-native\Libraries\Renderer\implementations\ReactFabric-dev.js)
  commitPassiveMountOnFiber (node_modules\react-native\Libraries\Renderer\implementations\ReactFabric-dev.js)
  flushPassiveEffects (node_modules\react-native\Libraries\Renderer\implementations\ReactFabric-dev.js)
  scheduleCallback$argument_1 (node_modules\react-native\Libraries\Renderer\implementations\ReactFabric-dev.js) 

Call Stack
  BaseRoute (node_modules\expo-router\build\useScreens.js)
  SceneView (node_modules\@react-navigation\core\lib\module\SceneView.js)
  render (node_modules\@react-navigation\core\lib\module\useDescriptors.js)
  routes.reduce$argument_0 (node_modules\@react-navigation\core\lib\module\useDescriptors.js)
  reduce (<native>)
  useDescriptors (node_modules\@react-navigation\core\lib\module\useDescriptors.js)
  useNavigationBuilder (node_modules\@react-navigation\core\lib\module\useNavigationBuilder.js)
  BottomTabNavigator (node_modules\@react-navigation\bottom-tabs\lib\module\navigators\createBottomTabNavigator.js)
  <anonymous> (node_modules\expo-router\build\layouts\withLayoutContext.js)
  Object.assign$argument_0 (node_modules\expo-router\build\layouts\TabsClient.js)
  TabsLayout (app\(tabs)\_layout.tsx)
  BaseRoute (node_modules\expo-router\build\useScreens.js)
  SceneView (node_modules\@react-navigation\core\lib\module\SceneView.js)
  render (node_modules\@react-navigation\core\lib\module\useDescriptors.js)
  routes.reduce$argument_0 (node_modules\@react-navigation\core\lib\module\useDescriptors.js)
  reduce (<native>)
  useDescriptors (node_modules\@react-navigation\core\lib\module\useDescriptors.js)
  useNavigationBuilder (node_modules\@react-navigation\core\lib\module\useNavigationBuilder.js)
  NativeStackNavigator (node_modules\expo-router\build\fork\native-stack\createNativeStackNavigator.js)
  <anonymous> (node_modules\expo-router\build\layouts\withLayoutContext.js)
  Object.assign$argument_0 (node_modules\expo-router\build\layouts\StackClient.js)
  setupNotificationListeners$argument_1 (app\_layout.tsx)
  BaseRoute (node_modules\expo-router\build\useScreens.js)
  SceneView (node_modules\@react-navigation\core\lib\module\SceneView.js)
  render (node_modules\@react-navigation\core\lib\module\useDescriptors.js)
  routes.reduce$argument_0 (node_modules\@react-navigation\core\lib\module\useDescriptors.js)
  reduce (<native>)
  useDescriptors (node_modules\@react-navigation\core\lib\module\useDescriptors.js)
  useNavigationBuilder (node_modules\@react-navigation\core\lib\module\useNavigationBuilder.js)
  Content (node_modules\expo-router\build\ExpoRoot.js)
  ContextNavigator (node_modules\expo-router\build\ExpoRoot.js)
  ExpoRoot (node_modules\expo-router\build\ExpoRoot.js)
  App (node_modules\expo-router\build\qualified-entry.js)
  WithDevTools (node_modules\expo\src\launch\withDevTools.ios.tsx)
iOS node_modules\expo-router\entry.js ░░░░░░░░░░░░░░░░  0.0% (0/1)
iOS Bundled 97ms node_modules\expo-router\entry.js (1 module)
 WARN  expo-notifications: Android Push notifications (remote notifications) functionality provided by expo-notifications was removed from Expo Go with the release of SDK 53. Use a development build instead of Expo Go. Read more at https://docs.expo.dev/develop/development-builds/introduction/.
 WARN  `expo-notifications` functionality is not fully supported in Expo Go:
We recommend you instead use a development build to avoid limitations. Learn more: https://expo.fyi/dev-client.
 WARN  [expo-av]: Expo AV has been deprecated and will be removed in SDK 54. Use the `expo-audio` and `expo-video` packages to replace the required functionality.
 LOG  FloatingHomeButton - current pathname: /
 LOG  FloatingHomeButton - current pathname: /
iOS Bundled 60ms node_modules\@react-native-async-storage\async-storage\src\index.ts (1 module)
 LOG  ✅ Push token: ExponentPushToken[MRvw5vMhlyZX...
 LOG  FloatingHomeButton - current pathname: /
 LOG  FloatingHomeButton - current pathname: /mensajeria
 LOG  FloatingHomeButton - current pathname: /chat/225b88b9-7208-4ed8-9ce4-20f2edb75104
 WARN  SafeAreaView has been deprecated and will be removed in a future release. Please use 'react-native-safe-area-context' instead. See https://github.com/th3rdwave/react-native-safe-area-context
 LOG  FloatingHomeButton - current pathname: /mensajeria
 LOG  FloatingHomeButton - current pathname: /monedero
 LOG  FloatingHomeButton - current pathname: /mensajeria
 LOG  FloatingHomeButton - current pathname: /monedero
 LOG  FloatingHomeButton - current pathname: /mensajeria
 LOG  FloatingHomeButton - current pathname: /servicios
 LOG  FloatingHomeButton - current pathname: /ajustes
 LOG  FloatingHomeButton - current pathname: /
 LOG  FloatingHomeButton - current pathname: /
 LOG  ✅ Push token: ExponentPushToken[MRvw5vMhlyZX...
 LOG  FloatingHomeButton - current pathname: /
iOS node_modules\expo-router\entry.js ░░░░░░░░░░░░░░░░  0.0% (0/1)
iOS Bundled 4460ms node_modules\expo-router\entry.js (1 module)
iOS node_modules\expo-router\entry.js ░░░░░░░░░░░░░░░░  0.0% (0/1)
 WARN  expo-notifications: Android Push notifications (remote notifications) functionality provided by expo-notifications was removed from Expo Go with the release of SDK 53. Use a development build instead of Expo Go. Read more at https://docs.expo.dev/develop/development-builds/introduction/.
 WARN  `expo-notifications` functionality is not fully supported in Expo Go:
We recommend you instead use a development build to avoid limitations. Learn more: https://expo.fyi/dev-client.
 WARN  [expo-av]: Expo AV has been deprecated and will be removed in SDK 54. Use the `expo-audio` and `expo-video` packages to replace the required functionality.
iOS Bundled 40ms node_modules\@react-native-async-storage\async-storage\src\index.ts (1 module)
 LOG  ✅ Push token: ExponentPushToken[MRvw5vMhlyZX...
 WARN  SafeAreaView has been deprecated and will be removed in a future release. Please use 'react-native-safe-area-context' instead. See https://github.com/th3rdwave/react-native-safe-area-context
 LOG  ✅ Push token: ExponentPushToken[MRvw5vMhlyZX...
iOS node_modules\expo-router\entry.js ░░░░░░░░░░░░░░░░  0.0% (0/1)
iOS Bundled 279ms node_modules\expo-router\entry.js (1 module)
 WARN  expo-notifications: Android Push notifications (remote notifications) functionality provided by expo-notifications was removed from Expo Go with the release of SDK 53. Use a development build instead of Expo Go. Read more at https://docs.expo.dev/develop/development-builds/introduction/.
 WARN  `expo-notifications` functionality is not fully supported in Expo Go:
We recommend you instead use a development build to avoid limitations. Learn more: https://expo.fyi/dev-client.
 WARN  [expo-av]: Expo AV has been deprecated and will be removed in SDK 54. Use the `expo-audio` and `expo-video` packages to replace the required functionality.
iOS Bundled 69ms node_modules\@react-native-async-storage\async-storage\src\index.ts (1 module)
 LOG  ✅ Push token: ExponentPushToken[MRvw5vMhlyZX...
 WARN  SafeAreaView has been deprecated and will be removed in a future release. Please use 'react-native-safe-area-context' instead. See https://github.com/th3rdwave/react-native-safe-area-context
 WARN  [expo-image-picker] `ImagePicker.MediaTypeOptions` have been deprecated. Use `ImagePicker.MediaType` or an array of `ImagePicker.MediaType` instead.
 WARN  source.uri should not be an empty string
iOS node_modules\expo-router\entry.js ░░░░░░░░░░░░░░░░  0.0% (0/1)
iOS Bundled 130ms node_modules\expo-router\entry.js (1 module)
 WARN  expo-notifications: Android Push notifications (remote notifications) functionality provided by expo-notifications was removed from Expo Go with the release of SDK 53. Use a development build instead of Expo Go. Read more at https://docs.expo.dev/develop/development-builds/introduction/.
 WARN  `expo-notifications` functionality is not fully supported in Expo Go:
We recommend you instead use a development build to avoid limitations. Learn more: https://expo.fyi/dev-client.
 WARN  [expo-av]: Expo AV has been deprecated and will be removed in SDK 54. Use the `expo-audio` and `expo-video` packages to replace the required functionality.
iOS Bundled 56ms node_modules\@react-native-async-storage\async-storage\src\index.ts (1 module)
 LOG  ✅ Push token: ExponentPushToken[MRvw5vMhlyZX...
 LOG  ✅ Push token: ExponentPushToken[MRvw5vMhlyZX...
iOS node_modules\expo-router\entry.js ░░░░░░░░░░░░░░░░  0.0% (0/1)
iOS Bundled 164ms node_modules\expo-router\entry.js (1 module)
 WARN  expo-notifications: Android Push notifications (remote notifications) functionality provided by expo-notifications was removed from Expo Go with the release of SDK 53. Use a development build instead of Expo Go. Read more at https://docs.expo.dev/develop/development-builds/introduction/.
 WARN  `expo-notifications` functionality is not fully supported in Expo Go:
We recommend you instead use a development build to avoid limitations. Learn more: https://expo.fyi/dev-client.
 WARN  [expo-av]: Expo AV has been deprecated and will be removed in SDK 54. Use the `expo-audio` and `expo-video` packages to replace the required functionality.
iOS Bundled 52ms node_modules\@react-native-async-storage\async-storage\src\index.ts (1 module)
 LOG  ✅ Push token: ExponentPushToken[MRvw5vMhlyZX...
 WARN  SafeAreaView has been deprecated and will be removed in a future release. Please use 'react-native-safe-area-context' instead. See https://github.com/th3rdwave/react-native-safe-area-context
 WARN  [expo-image-picker] `ImagePicker.MediaTypeOptions` have been deprecated. Use `ImagePicker.MediaType` or an array of `ImagePicker.MediaType` instead.
 WARN  source.uri should not be an empty string
iOS node_modules\expo-router\entry.js ░░░░░░░░░░░░░░░░  0.0% (0/1)
iOS Bundled 999ms node_modules\expo-router\entry.js (1 module)
 WARN  expo-notifications: Android Push notifications (remote notifications) functionality provided by expo-notifications was removed from Expo Go with the release of SDK 53. Use a development build instead of Expo Go. Read more at https://docs.expo.dev/develop/development-builds/introduction/.
 WARN  `expo-notifications` functionality is not fully supported in Expo Go:
We recommend you instead use a development build to avoid limitations. Learn more: https://expo.fyi/dev-client.
 WARN  [expo-av]: Expo AV has been deprecated and will be removed in SDK 54. Use the `expo-audio` and `expo-video` packages to replace the required functionality.
iOS Bundled 100ms node_modules\@react-native-async-storage\async-storage\src\index.ts (1 module)
 LOG  ✅ Push token: ExponentPushToken[MRvw5vMhlyZX...
 WARN  SafeAreaView has been deprecated and will be removed in a future release. Please use 'react-native-safe-area-context' instead. See https://github.com/th3rdwave/react-native-safe-area-context
 WARN  [expo-image-picker] `ImagePicker.MediaTypeOptions` have been deprecated. Use `ImagePicker.MediaType` or an array of `ImagePicker.MediaType` instead.
 WARN  source.uri should not be an empty string
iOS node_modules\expo-router\entry.js ░░░░░░░░░░░░░░░░  0.0% (0/1)
iOS Bundled 602ms node_modules\expo-router\entry.js (1 module)
 WARN  expo-notifications: Android Push notifications (remote notifications) functionality provided by expo-notifications was removed from Expo Go with the release of SDK 53. Use a development build instead of Expo Go. Read more at https://docs.expo.dev/develop/development-builds/introduction/.
 WARN  `expo-notifications` functionality is not fully supported in Expo Go:
We recommend you instead use a development build to avoid limitations. Learn more: https://expo.fyi/dev-client.
 WARN  [expo-av]: Expo AV has been deprecated and will be removed in SDK 54. Use the `expo-audio` and `expo-video` packages to replace the required functionality.
iOS node_modules\@react-native-async-storage\async-storage\src\index.ts ░░░░░░░░░░░░░░░░  0.0% (0/1)
iOS Bundled 218ms node_modules\@react-native-async-storage\async-storage\src\index.ts (1 module)
 LOG  ✅ Push token: ExponentPushToken[MRvw5vMhlyZX...
 WARN  SafeAreaView has been deprecated and will be removed in a future release. Please use 'react-native-safe-area-context' instead. See https://github.com/th3rdwave/react-native-safe-area-context
 WARN  [expo-image-picker] `ImagePicker.MediaTypeOptions` have been deprecated. Use `ImagePicker.MediaType` or an array of `ImagePicker.MediaType` instead.
 WARN  source.uri should not be an empty string
 WARN  source.uri should not be an empty string
iOS node_modules\expo-router\entry.js ░░░░░░░░░░░░░░░░  0.0% (0/1)
iOS Bundled 100ms node_modules\expo-router\entry.js (1 module)
 WARN  expo-notifications: Android Push notifications (remote notifications) functionality provided by expo-notifications was removed from Expo Go with the release of SDK 53. Use a development build instead of Expo Go. Read more at https://docs.expo.dev/develop/development-builds/introduction/.
 WARN  `expo-notifications` functionality is not fully supported in Expo Go:
We recommend you instead use a development build to avoid limitations. Learn more: https://expo.fyi/dev-client.
 WARN  [expo-av]: Expo AV has been deprecated and will be removed in SDK 54. Use the `expo-audio` and `expo-video` packages to replace the required functionality.
iOS Bundled 46ms node_modules\@react-native-async-storage\async-storage\src\index.ts (1 module)
 LOG  ✅ Push token: ExponentPushToken[MRvw5vMhlyZX...
 WARN  SafeAreaView has been deprecated and will be removed in a future release. Please use 'react-native-safe-area-context' instead. See https://github.com/th3rdwave/react-native-safe-area-context
iOS node_modules\expo-router\entry.js ░░░░░░░░░░░░░░░░  0.0% (0/1)
iOS Bundled 131ms node_modules\expo-router\entry.js (1 module)
 WARN  expo-notifications: Android Push notifications (remote notifications) functionality provided by expo-notifications was removed from Expo Go with the release of SDK 53. Use a development build instead of Expo Go. Read more at https://docs.expo.dev/develop/development-builds/introduction/.
 WARN  `expo-notifications` functionality is not fully supported in Expo Go:
We recommend you instead use a development build to avoid limitations. Learn more: https://expo.fyi/dev-client.
 WARN  [expo-av]: Expo AV has been deprecated and will be removed in SDK 54. Use the `expo-audio` and `expo-video` packages to replace the required functionality.
iOS Bundled 33ms node_modules\@react-native-async-storage\async-storage\src\index.ts (1 module)
 LOG  ✅ Push token: ExponentPushToken[MRvw5vMhlyZX...
 WARN  SafeAreaView has been deprecated and will be removed in a future release. Please use 'react-native-safe-area-context' instead. See https://github.com/th3rdwave/react-native-safe-area-context
 WARN  [expo-image-picker] `ImagePicker.MediaTypeOptions` have been deprecated. Use `ImagePicker.MediaType` or an array of `ImagePicker.MediaType` instead.
 WARN  source.uri should not be an empty string
 LOG  ✅ Push token: ExponentPushToken[MRvw5vMhlyZX...
iOS node_modules\expo-router\entry.js ░░░░░░░░░░░░░░░░  0.0% (0/1)
iOS Bundled 120ms node_modules\expo-router\entry.js (1 module)
 WARN  expo-notifications: Android Push notifications (remote notifications) functionality provided by expo-notifications was removed from Expo Go with the release of SDK 53. Use a development build instead of Expo Go. Read more at https://docs.expo.dev/develop/development-builds/introduction/.
 WARN  `expo-notifications` functionality is not fully supported in Expo Go:
We recommend you instead use a development build to avoid limitations. Learn more: https://expo.fyi/dev-client.
 WARN  [expo-av]: Expo AV has been deprecated and will be removed in SDK 54. Use the `expo-audio` and `expo-video` packages to replace the required functionality.
iOS node_modules\@react-native-async-storage\async-storage\src\index.ts ░░░░░░░░░░░░░░░░  0.0% (0/1)
iOS Bundled 143ms node_modules\@react-native-async-storage\async-storage\src\index.ts (1 module)
 LOG  ✅ Push token: ExponentPushToken[MRvw5vMhlyZX...
 WARN  SafeAreaView has been deprecated and will be removed in a future release. Please use 'react-native-safe-area-context' instead. See https://github.com/th3rdwave/react-native-safe-area-context
iOS node_modules\expo-router\entry.js ░░░░░░░░░░░░░░░░  0.0% (0/1)
iOS Bundled 2243ms node_modules\expo-router\entry.js (1 module)
 WARN  expo-notifications: Android Push notifications (remote notifications) functionality provided by expo-notifications was removed from Expo Go with the release of SDK 53. Use a development build instead of Expo Go. Read more at https://docs.expo.dev/develop/development-builds/introduction/.
 WARN  `expo-notifications` functionality is not fully supported in Expo Go:
We recommend you instead use a development build to avoid limitations. Learn more: https://expo.fyi/dev-client.
 WARN  [expo-av]: Expo AV has been deprecated and will be removed in SDK 54. Use the `expo-audio` and `expo-video` packages to replace the required functionality.
iOS Bundled 121ms node_modules\@react-native-async-storage\async-storage\src\index.ts (1 module)
 LOG  ✅ Push token: ExponentPushToken[MRvw5vMhlyZX...
Web node_modules\expo-router\entry.js ░░░░░░░░░░░░░░░░  0.0% (0/1)
Web node_modules\expo-router\entry.js ▓▓▓▓▓▓▓░░░░░░░░░ 44.4% (12/21)
Web node_modules\expo-router\entry.js ▓▓▓▓▓▓▓░░░░░░░░░ 44.4% (18/47)
Web node_modules\expo-router\entry.js ▓▓▓▓▓▓▓░░░░░░░░░ 44.4% (27/80)
Web node_modules\expo-router\entry.js ▓▓▓▓▓▓▓░░░░░░░░░ 44.4% ( 41/173)
Web node_modules\expo-router\entry.js ▓▓▓▓▓▓▓░░░░░░░░░ 44.4% ( 75/238)
 WARN  Attempted to import the module "C:\Users\berna\Desktop\EGCHAT NATIVA\egchat-mobile\node_modules\react-native-webrtc\node_modules\event-target-shim\index" which is not listed in the "exports" of "C:\Users\berna\Desktop\EGCHAT NATIVA\egchat-mobile\node_modules\react-native-webrtc\node_modules\event-target-shim" under the requested subpath "./index". Falling back to file-based resolution. Consider updating the call site or asking the package maintainer(s) to expose this API.
Web node_modules\expo-router\entry.js ▓▓▓▓▓▓▓░░░░░░░░░ 44.4% (127/323)
Web node_modules\expo-router\entry.js ▓▓▓▓▓▓▓░░░░░░░░░ 44.4% (206/400)
Web node_modules\expo-router\entry.js ▓▓▓▓▓▓▓░░░░░░░░░ 44.4% (250/461)
Web node_modules\expo-router\entry.js ▓▓▓▓▓▓▓░░░░░░░░░ 45.0% (422/629)
Web node_modules\expo-router\entry.js ▓▓▓▓▓▓▓▓▓░░░░░░░ 58.3% (558/731)
 ERROR  [Error: Element type is invalid: expected a string (for built-in components) or a class/function (for composite components) but got: undefined. You likely forgot to export your component from the file it's defined in, or you might have mixed up default and named imports.

Check the render method of `HomeScreen`.] 

Call Stack
  createFiberFromTypeAndProps (node_modules\react-native\Libraries\Renderer\implementations\ReactFabric-dev.js)
  createFiberFromElement (node_modules\react-native\Libraries\Renderer\implementations\ReactFabric-dev.js)
  updateElement (node_modules\react-native\Libraries\Renderer\implementations\ReactFabric-dev.js)
  updateSlot (node_modules\react-native\Libraries\Renderer\implementations\ReactFabric-dev.js)
  reconcileChildrenArray (node_modules\react-native\Libraries\Renderer\implementations\ReactFabric-dev.js)
  reconcileChildFibersImpl (node_modules\react-native\Libraries\Renderer\implementations\ReactFabric-dev.js)
  <anonymous> (node_modules\react-native\Libraries\Renderer\implementations\ReactFabric-dev.js)
  reconcileChildren (node_modules\react-native\Libraries\Renderer\implementations\ReactFabric-dev.js)
  beginWork (node_modules\react-native\Libraries\Renderer\implementations\ReactFabric-dev.js)
  runWithFiberInDEV (node_modules\react-native\Libraries\Renderer\implementations\ReactFabric-dev.js)
  performUnitOfWork (node_modules\react-native\Libraries\Renderer\implementations\ReactFabric-dev.js)
  workLoopSync (node_modules\react-native\Libraries\Renderer\implementations\ReactFabric-dev.js)
  renderRootSync (node_modules\react-native\Libraries\Renderer\implementations\ReactFabric-dev.js)
  performWorkOnRoot (node_modules\react-native\Libraries\Renderer\implementations\ReactFabric-dev.js)
  performSyncWorkOnRoot (node_modules\react-native\Libraries\Renderer\implementations\ReactFabric-dev.js)
  flushSyncWorkAcrossRoots_impl (node_modules\react-native\Libraries\Renderer\implementations\ReactFabric-dev.js)
  flushSyncWork (node_modules\react-native\Libraries\Renderer\implementations\ReactFabric-dev.js)
  scheduleRefresh (node_modules\react-native\Libraries\Renderer\implementations\ReactFabric-dev.js)
  apply (<native>)
  renderer.scheduleRefresh (node_modules\react-devtools-core\dist\backend.js)
  mountedRootsSnapshot.forEach$argument_0 (node_modules\react-refresh\cjs\react-refresh-runtime.development.js)
  forEach (<native>)
  performReactRefresh (node_modules\react-refresh\cjs\react-refresh-runtime.development.js)
  Refresh.performReactRefresh (node_modules\react-native\Libraries\Core\setUpReactRefresh.js)
  setTimeout$argument_0 (node_modules\@expo\cli\build\metro-require\require.js) 

Call Stack
  HomeScreen (app\(tabs)\index.tsx)
  BaseRoute (node_modules\expo-router\build\useScreens.js)
  SceneView (node_modules\@react-navigation\core\lib\module\SceneView.js)
  render (node_modules\@react-navigation\core\lib\module\useDescriptors.js)
  routes.reduce$argument_0 (node_modules\@react-navigation\core\lib\module\useDescriptors.js)
  reduce (<native>)
  useDescriptors (node_modules\@react-navigation\core\lib\module\useDescriptors.js)
  useNavigationBuilder (node_modules\@react-navigation\core\lib\module\useNavigationBuilder.js)
  BottomTabNavigator (node_modules\@react-navigation\bottom-tabs\lib\module\navigators\createBottomTabNavigator.js)
  <anonymous> (node_modules\expo-router\build\layouts\withLayoutContext.js)
  Object.assign$argument_0 (node_modules\expo-router\build\layouts\TabsClient.js)
  TabsLayout (app\(tabs)\_layout.tsx)
  BaseRoute (node_modules\expo-router\build\useScreens.js)
  SceneView (node_modules\@react-navigation\core\lib\module\SceneView.js)
  render (node_modules\@react-navigation\core\lib\module\useDescriptors.js)
  routes.reduce$argument_0 (node_modules\@react-navigation\core\lib\module\useDescriptors.js)
  reduce (<native>)
  useDescriptors (node_modules\@react-navigation\core\lib\module\useDescriptors.js)
  useNavigationBuilder (node_modules\@react-navigation\core\lib\module\useNavigationBuilder.js)
  NativeStackNavigator (node_modules\expo-router\build\fork\native-stack\createNativeStackNavigator.js)
  <anonymous> (node_modules\expo-router\build\layouts\withLayoutContext.js)
  Object.assign$argument_0 (node_modules\expo-router\build\layouts\StackClient.js)
  RootLayout (app\_layout.tsx)
  BaseRoute (node_modules\expo-router\build\useScreens.js)
  SceneView (node_modules\@react-navigation\core\lib\module\SceneView.js)
  render (node_modules\@react-navigation\core\lib\module\useDescriptors.js)
  routes.reduce$argument_0 (node_modules\@react-navigation\core\lib\module\useDescriptors.js)
  reduce (<native>)
  useDescriptors (node_modules\@react-navigation\core\lib\module\useDescriptors.js)
  useNavigationBuilder (node_modules\@react-navigation\core\lib\module\useNavigationBuilder.js)
  Content (node_modules\expo-router\build\ExpoRoot.js)
  ContextNavigator (node_modules\expo-router\build\ExpoRoot.js)
  ExpoRoot (node_modules\expo-router\build\ExpoRoot.js)
  App (node_modules\expo-router\build\qualified-entry.js)
  WithDevTools (node_modules\expo\src\launch\withDevTools.ios.tsx)
Web node_modules\expo-router\entry.js ▓▓▓▓▓▓▓▓▓▓▓▓░░░░ 75.8% (829/954)
iOS node_modules\@react-native-async-storage\async-storage\src\index.ts ░░░░░░░░░░░░░░░░  0.0% (0/1)
iOS Bundled 2918ms node_modules\@react-native-async-storage\async-storage\src\index.ts (1 module)
Web Bundled 40099ms node_modules\expo-router\entry.js (1070 modules)
 LOG  [web] Logs will appear in the browser console
 WARN  No se pudo registrar token push: [TypeError: Network request failed]
 LOG  ✅ Push token: ExponentPushToken[MRvw5vMhlyZX...
Web node_modules\@react-native-async-storage\async-storage\lib\module\index.js ░░░░░░░░░░░░░░░░  0.0% (0/1)
Web Bundled 47ms node_modules\@react-native-async-storage\async-storage\lib\module\index.js (1 module)
 WARN  SafeAreaView has been deprecated and will be removed in a future release. Please use 'react-native-safe-area-context' instead. See https://github.com/th3rdwave/react-native-safe-area-context
